Archive member included because of file (symbol)

c:/program files (x86)/atmel/avr tools/avr toolchain/bin/../lib/gcc/avr/4.7.2/avr4\libgcc.a(_exit.o)
                              c:/program files (x86)/atmel/avr tools/avr toolchain/bin/../lib/gcc/avr/4.7.2/../../../../avr/lib/avr4/crtm8a.o (exit)
c:/program files (x86)/atmel/avr tools/avr toolchain/bin/../lib/gcc/avr/4.7.2/avr4\libgcc.a(_clear_bss.o)
                              ./main.o (__do_clear_bss)

Memory Configuration

Name             Origin             Length             Attributes
text             0x00000000         0x00002000         xr
data             0x00800060         0x0000ffa0         rw !x
eeprom           0x00810000         0x00010000         rw !x
fuse             0x00820000         0x00000400         rw !x
lock             0x00830000         0x00000400         rw !x
signature        0x00840000         0x00000400         rw !x
user_signatures  0x00850000         0x00000400         rw !x
*default*        0x00000000         0xffffffff

Linker script and memory map

LOAD c:/program files (x86)/atmel/avr tools/avr toolchain/bin/../lib/gcc/avr/4.7.2/../../../../avr/lib/avr4/crtm8a.o
LOAD ./functions.o
LOAD ./main.o
LOAD c:/program files (x86)/atmel/avr tools/avr toolchain/bin/../lib/gcc/avr/4.7.2/avr4\libgcc.a
LOAD c:/program files (x86)/atmel/avr tools/avr toolchain/bin/../lib/gcc/avr/4.7.2/../../../../avr/lib/avr4\libc.a
LOAD c:/program files (x86)/atmel/avr tools/avr toolchain/bin/../lib/gcc/avr/4.7.2/avr4\libgcc.a

.hash
 *(.hash)

.dynsym
 *(.dynsym)

.dynstr
 *(.dynstr)

.gnu.version
 *(.gnu.version)

.gnu.version_d
 *(.gnu.version_d)

.gnu.version_r
 *(.gnu.version_r)

.rel.init
 *(.rel.init)

.rela.init
 *(.rela.init)

.rel.text
 *(.rel.text)
 *(.rel.text.*)
 *(.rel.gnu.linkonce.t*)

.rela.text
 *(.rela.text)
 *(.rela.text.*)
 *(.rela.gnu.linkonce.t*)

.rel.fini
 *(.rel.fini)

.rela.fini
 *(.rela.fini)

.rel.rodata
 *(.rel.rodata)
 *(.rel.rodata.*)
 *(.rel.gnu.linkonce.r*)

.rela.rodata
 *(.rela.rodata)
 *(.rela.rodata.*)
 *(.rela.gnu.linkonce.r*)

.rel.data
 *(.rel.data)
 *(.rel.data.*)
 *(.rel.gnu.linkonce.d*)

.rela.data
 *(.rela.data)
 *(.rela.data.*)
 *(.rela.gnu.linkonce.d*)

.rel.ctors
 *(.rel.ctors)

.rela.ctors
 *(.rela.ctors)

.rel.dtors
 *(.rel.dtors)

.rela.dtors
 *(.rela.dtors)

.rel.got
 *(.rel.got)

.rela.got
 *(.rela.got)

.rel.bss
 *(.rel.bss)

.rela.bss
 *(.rela.bss)

.rel.plt
 *(.rel.plt)

.rela.plt
 *(.rela.plt)

.text           0x00000000      0x182
 *(.vectors)
 .vectors       0x00000000       0x26 c:/program files (x86)/atmel/avr tools/avr toolchain/bin/../lib/gcc/avr/4.7.2/../../../../avr/lib/avr4/crtm8a.o
                0x00000000                __vector_default
                0x00000000                __vectors
 *(.vectors)
 *(.progmem.gcc*)
 *(.progmem*)
                0x00000026                . = ALIGN (0x2)
                0x00000026                __trampolines_start = .
 *(.trampolines)
 .trampolines   0x00000026        0x0 linker stubs
 *(.trampolines*)
                0x00000026                __trampolines_end = .
 *(.jumptables)
 *(.jumptables*)
 *(.lowtext)
 *(.lowtext*)
                0x00000026                __ctors_start = .
 *(.ctors)
                0x00000026                __ctors_end = .
                0x00000026                __dtors_start = .
 *(.dtors)
                0x00000026                __dtors_end = .
 SORT(*)(.ctors)
 SORT(*)(.dtors)
 *(.init0)
 .init0         0x00000026        0x0 c:/program files (x86)/atmel/avr tools/avr toolchain/bin/../lib/gcc/avr/4.7.2/../../../../avr/lib/avr4/crtm8a.o
                0x00000026                __init
 *(.init0)
 *(.init1)
 *(.init1)
 *(.init2)
 .init2         0x00000026        0xc c:/program files (x86)/atmel/avr tools/avr toolchain/bin/../lib/gcc/avr/4.7.2/../../../../avr/lib/avr4/crtm8a.o
 *(.init2)
 *(.init3)
 *(.init3)
 *(.init4)
 .init4         0x00000032       0x10 c:/program files (x86)/atmel/avr tools/avr toolchain/bin/../lib/gcc/avr/4.7.2/avr4\libgcc.a(_clear_bss.o)
                0x00000032                __do_clear_bss
 *(.init4)
 *(.init5)
 *(.init5)
 *(.init6)
 *(.init6)
 *(.init7)
 *(.init7)
 *(.init8)
 *(.init8)
 *(.init9)
 .init9         0x00000042        0x4 c:/program files (x86)/atmel/avr tools/avr toolchain/bin/../lib/gcc/avr/4.7.2/../../../../avr/lib/avr4/crtm8a.o
 *(.init9)
 *(.text)
 .text          0x00000046        0x2 c:/program files (x86)/atmel/avr tools/avr toolchain/bin/../lib/gcc/avr/4.7.2/../../../../avr/lib/avr4/crtm8a.o
                0x00000046                __vector_1
                0x00000046                __vector_12
                0x00000046                __bad_interrupt
                0x00000046                __vector_6
                0x00000046                __vector_3
                0x00000046                __vector_11
                0x00000046                __vector_13
                0x00000046                __vector_17
                0x00000046                __vector_7
                0x00000046                __vector_5
                0x00000046                __vector_4
                0x00000046                __vector_2
                0x00000046                __vector_15
                0x00000046                __vector_8
                0x00000046                __vector_14
                0x00000046                __vector_10
                0x00000046                __vector_16
                0x00000046                __vector_18
 .text          0x00000048        0x0 ./functions.o
 .text          0x00000048        0x0 ./main.o
 .text          0x00000048        0x0 c:/program files (x86)/atmel/avr tools/avr toolchain/bin/../lib/gcc/avr/4.7.2/avr4\libgcc.a(_exit.o)
 .text          0x00000048        0x0 c:/program files (x86)/atmel/avr tools/avr toolchain/bin/../lib/gcc/avr/4.7.2/avr4\libgcc.a(_clear_bss.o)
                0x00000048                . = ALIGN (0x2)
 *(.text.*)
 .text.timer_init
                0x00000048        0x8 ./functions.o
                0x00000048                timer_init
 .text.init     0x00000050       0x14 ./functions.o
                0x00000050                init
 .text.start_timer
                0x00000064        0x8 ./functions.o
                0x00000064                start_timer
 .text.stop_timer
                0x0000006c        0x8 ./functions.o
                0x0000006c                stop_timer
 .text.motor_ON
                0x00000074        0x2 ./functions.o
                0x00000074                motor_ON
 .text.motor_OFF
                0x00000076        0x2 ./functions.o
                0x00000076                motor_OFF
 .text.ALL_OFF  0x00000078        0x2 ./functions.o
                0x00000078                ALL_OFF
 .text.startup.main
                0x0000007a       0x30 ./main.o
                0x0000007a                main
 .text.__vector_9
                0x000000aa       0xd4 ./main.o
                0x000000aa                __vector_9
 .text.libgcc.mul
                0x0000017e        0x0 c:/program files (x86)/atmel/avr tools/avr toolchain/bin/../lib/gcc/avr/4.7.2/avr4\libgcc.a(_exit.o)
 .text.libgcc.div
                0x0000017e        0x0 c:/program files (x86)/atmel/avr tools/avr toolchain/bin/../lib/gcc/avr/4.7.2/avr4\libgcc.a(_exit.o)
 .text.libgcc   0x0000017e        0x0 c:/program files (x86)/atmel/avr tools/avr toolchain/bin/../lib/gcc/avr/4.7.2/avr4\libgcc.a(_exit.o)
 .text.libgcc.prologue
                0x0000017e        0x0 c:/program files (x86)/atmel/avr tools/avr toolchain/bin/../lib/gcc/avr/4.7.2/avr4\libgcc.a(_exit.o)
 .text.libgcc.builtins
                0x0000017e        0x0 c:/program files (x86)/atmel/avr tools/avr toolchain/bin/../lib/gcc/avr/4.7.2/avr4\libgcc.a(_exit.o)
 .text.libgcc.fmul
                0x0000017e        0x0 c:/program files (x86)/atmel/avr tools/avr toolchain/bin/../lib/gcc/avr/4.7.2/avr4\libgcc.a(_exit.o)
 .text.libgcc.mul
                0x0000017e        0x0 c:/program files (x86)/atmel/avr tools/avr toolchain/bin/../lib/gcc/avr/4.7.2/avr4\libgcc.a(_clear_bss.o)
 .text.libgcc.div
                0x0000017e        0x0 c:/program files (x86)/atmel/avr tools/avr toolchain/bin/../lib/gcc/avr/4.7.2/avr4\libgcc.a(_clear_bss.o)
 .text.libgcc   0x0000017e        0x0 c:/program files (x86)/atmel/avr tools/avr toolchain/bin/../lib/gcc/avr/4.7.2/avr4\libgcc.a(_clear_bss.o)
 .text.libgcc.prologue
                0x0000017e        0x0 c:/program files (x86)/atmel/avr tools/avr toolchain/bin/../lib/gcc/avr/4.7.2/avr4\libgcc.a(_clear_bss.o)
 .text.libgcc.builtins
                0x0000017e        0x0 c:/program files (x86)/atmel/avr tools/avr toolchain/bin/../lib/gcc/avr/4.7.2/avr4\libgcc.a(_clear_bss.o)
 .text.libgcc.fmul
                0x0000017e        0x0 c:/program files (x86)/atmel/avr tools/avr toolchain/bin/../lib/gcc/avr/4.7.2/avr4\libgcc.a(_clear_bss.o)
                0x0000017e                . = ALIGN (0x2)
 *(.fini9)
 .fini9         0x0000017e        0x0 c:/program files (x86)/atmel/avr tools/avr toolchain/bin/../lib/gcc/avr/4.7.2/avr4\libgcc.a(_exit.o)
                0x0000017e                _exit
                0x0000017e                exit
 *(.fini9)
 *(.fini8)
 *(.fini8)
 *(.fini7)
 *(.fini7)
 *(.fini6)
 *(.fini6)
 *(.fini5)
 *(.fini5)
 *(.fini4)
 *(.fini4)
 *(.fini3)
 *(.fini3)
 *(.fini2)
 *(.fini2)
 *(.fini1)
 *(.fini1)
 *(.fini0)
 .fini0         0x0000017e        0x4 c:/program files (x86)/atmel/avr tools/avr toolchain/bin/../lib/gcc/avr/4.7.2/avr4\libgcc.a(_exit.o)
 *(.fini0)
                0x00000182                _etext = .

.data           0x00800060        0x0 load address 0x00000182
                0x00800060                PROVIDE (__data_start, .)
 *(.data)
 .data          0x00800060        0x0 c:/program files (x86)/atmel/avr tools/avr toolchain/bin/../lib/gcc/avr/4.7.2/../../../../avr/lib/avr4/crtm8a.o
 .data          0x00800060        0x0 ./functions.o
 .data          0x00800060        0x0 ./main.o
 .data          0x00800060        0x0 c:/program files (x86)/atmel/avr tools/avr toolchain/bin/../lib/gcc/avr/4.7.2/avr4\libgcc.a(_exit.o)
 .data          0x00800060        0x0 c:/program files (x86)/atmel/avr tools/avr toolchain/bin/../lib/gcc/avr/4.7.2/avr4\libgcc.a(_clear_bss.o)
 *(.data*)
 *(.rodata)
 *(.rodata*)
 *(.gnu.linkonce.d*)
                0x00800060                . = ALIGN (0x2)
                0x00800060                _edata = .
                0x00800060                PROVIDE (__data_end, .)

.bss            0x00800060        0x3
                0x00800060                PROVIDE (__bss_start, .)
 *(.bss)
 .bss           0x00800060        0x0 c:/program files (x86)/atmel/avr tools/avr toolchain/bin/../lib/gcc/avr/4.7.2/../../../../avr/lib/avr4/crtm8a.o
 .bss           0x00800060        0x0 ./functions.o
 .bss           0x00800060        0x0 ./main.o
 .bss           0x00800060        0x0 c:/program files (x86)/atmel/avr tools/avr toolchain/bin/../lib/gcc/avr/4.7.2/avr4\libgcc.a(_exit.o)
 .bss           0x00800060        0x0 c:/program files (x86)/atmel/avr tools/avr toolchain/bin/../lib/gcc/avr/4.7.2/avr4\libgcc.a(_clear_bss.o)
 *(.bss*)
 .bss.p_counter
                0x00800060        0x1 ./main.o
                0x00800060                p_counter
 .bss.t_counter0
                0x00800061        0x2 ./main.o
                0x00800061                t_counter0
 *(COMMON)
                0x00800063                PROVIDE (__bss_end, .)
                0x00000182                __data_load_start = LOADADDR (.data)
                0x00000182                __data_load_end = (__data_load_start + SIZEOF (.data))

.noinit         0x00800063        0x0
                0x00800063                PROVIDE (__noinit_start, .)
 *(.noinit*)
                0x00800063                PROVIDE (__noinit_end, .)
                0x00800063                _end = .
                0x00800063                PROVIDE (__heap_start, .)

.eeprom         0x00810000        0x0
 *(.eeprom*)
                0x00810000                __eeprom_end = .

.fuse
 *(.fuse)
 *(.lfuse)
 *(.hfuse)
 *(.efuse)

.lock
 *(.lock*)

.signature
 *(.signature*)

.user_signatures
 *(.user_signatures*)

.stab           0x00000000      0x6cc
 *(.stab)
 .stab          0x00000000      0x6cc c:/program files (x86)/atmel/avr tools/avr toolchain/bin/../lib/gcc/avr/4.7.2/../../../../avr/lib/avr4/crtm8a.o

.stabstr        0x00000000       0x97
 *(.stabstr)
 .stabstr       0x00000000       0x97 c:/program files (x86)/atmel/avr tools/avr toolchain/bin/../lib/gcc/avr/4.7.2/../../../../avr/lib/avr4/crtm8a.o

.stab.excl
 *(.stab.excl)

.stab.exclstr
 *(.stab.exclstr)

.stab.index
 *(.stab.index)

.stab.indexstr
 *(.stab.indexstr)

.comment        0x00000000       0x2f
 *(.comment)
 .comment       0x00000000       0x2f ./functions.o
                                 0x30 (size before relaxing)
 .comment       0x00000000       0x30 ./main.o

.debug
 *(.debug)

.line
 *(.line)

.debug_srcinfo
 *(.debug_srcinfo)

.debug_sfnames
 *(.debug_sfnames)

.debug_aranges
 *(.debug_aranges)

.debug_pubnames
 *(.debug_pubnames)

.debug_info
 *(.debug_info)
 *(.gnu.linkonce.wi.*)

.debug_abbrev
 *(.debug_abbrev)

.debug_line
 *(.debug_line)

.debug_frame
 *(.debug_frame)

.debug_str
 *(.debug_str)

.debug_loc
 *(.debug_loc)

.debug_macinfo
 *(.debug_macinfo)

.debug_pubtypes
 *(.debug_pubtypes)

.debug_ranges
 *(.debug_ranges)

.debug_macro
 *(.debug_macro)
OUTPUT(city_airport.elf elf32-avr)
LOAD linker stubs
